Resource Usage Summary report for lte_fft
Mon Jun 06 10:57:09 2016
Quartus Prime Version 15.1.0 Build 185 10/21/2015 SJ Standard Edition


---------------------
; Table of Contents ;
---------------------
  1. Legal Notice
  2. Fitter Resource Usage Summary



----------------
; Legal Notice ;
----------------
Copyright (C) 1991-2015 Altera Corporation. All rights reserved.
Your use of Altera Corporation's design tools, logic functions 
and other software and tools, and its AMPP partner logic 
functions, and any output files from any of the foregoing 
(including device programming or simulation files), and any 
associated documentation or information are expressly subject 
to the terms and conditions of the Altera Program License 
Subscription Agreement, the Altera Quartus Prime License Agreement,
the Altera MegaCore Function License Agreement, or other 
applicable license agreement, including, without limitation, 
that your use is for the sole purpose of programming logic 
devices manufactured by Altera and sold by Altera or its 
authorized distributors.  Please refer to the applicable 
agreement for further details.



+---------------------------------------------------------------------------------------------+
; Fitter Resource Usage Summary                                                               ;
+-------------------------------------------------------------+-----------------------+-------+
; Resource                                                    ; Usage                 ; %     ;
+-------------------------------------------------------------+-----------------------+-------+
; Logic utilization (ALMs needed / total ALMs on device)      ; 2,669 / 9,430         ; 28 %  ;
; ALMs needed [=A-B+C]                                        ; 2,669                 ;       ;
;     [A] ALMs used in final placement [=a+b+c+d]             ; 3,762 / 9,430         ; 40 %  ;
;         [a] ALMs used for LUT logic and registers           ; 1,211                 ;       ;
;         [b] ALMs used for LUT logic                         ; 739                   ;       ;
;         [c] ALMs used for registers                         ; 1,812                 ;       ;
;         [d] ALMs used for memory (up to half of total ALMs) ; 0                     ;       ;
;     [B] Estimate of ALMs recoverable by dense packing       ; 1,104 / 9,430         ; 12 %  ;
;     [C] Estimate of ALMs unavailable [=a+b+c+d]             ; 11 / 9,430            ; < 1 % ;
;         [a] Due to location constrained logic               ; 0                     ;       ;
;         [b] Due to LAB-wide signal conflicts                ; 2                     ;       ;
;         [c] Due to LAB input limits                         ; 9                     ;       ;
;         [d] Due to virtual I/Os                             ; 0                     ;       ;
;                                                             ;                       ;       ;
; Difficulty packing design                                   ; Low                   ;       ;
;                                                             ;                       ;       ;
; Total LABs:  partially or completely used                   ; 469 / 943             ; 50 %  ;
;     -- Logic LABs                                           ; 469                   ;       ;
;     -- Memory LABs (up to half of total LABs)               ; 0                     ;       ;
;                                                             ;                       ;       ;
; Combinational ALUT usage for logic                          ; 3,707                 ;       ;
;     -- 7 input functions                                    ; 11                    ;       ;
;     -- 6 input functions                                    ; 304                   ;       ;
;     -- 5 input functions                                    ; 231                   ;       ;
;     -- 4 input functions                                    ; 328                   ;       ;
;     -- <=3 input functions                                  ; 2,833                 ;       ;
; Combinational ALUT usage for route-throughs                 ; 2,311                 ;       ;
; Dedicated logic registers                                   ; 6,362                 ;       ;
;     -- By type:                                             ;                       ;       ;
;         -- Primary logic registers                          ; 6,045 / 18,860        ; 32 %  ;
;         -- Secondary logic registers                        ; 317 / 18,860          ; 2 %   ;
;     -- By function:                                         ;                       ;       ;
;         -- Design implementation registers                  ; 6,154                 ;       ;
;         -- Routing optimization registers                   ; 208                   ;       ;
;                                                             ;                       ;       ;
; Virtual pins                                                ; 0                     ;       ;
; I/O pins                                                    ; 103 / 128             ; 80 %  ;
;     -- Clock pins                                           ; 4 / 5                 ; 80 %  ;
;     -- Dedicated input pins                                 ; 3 / 11                ; 27 %  ;
;                                                             ;                       ;       ;
; Global signals                                              ; 2                     ;       ;
; M10K blocks                                                 ; 24 / 176              ; 14 %  ;
; Total MLAB memory bits                                      ; 0                     ;       ;
; Total block memory bits                                     ; 147,232 / 1,802,240   ; 8 %   ;
; Total block memory implementation bits                      ; 245,760 / 1,802,240   ; 14 %  ;
;                                                             ;                       ;       ;
; Total DSP Blocks                                            ; 10 / 25               ; 40 %  ;
;                                                             ;                       ;       ;
; Fractional PLLs                                             ; 0 / 4                 ; 0 %   ;
; Global clocks                                               ; 2 / 16                ; 13 %  ;
; Quadrant clocks                                             ; 0 / 88                ; 0 %   ;
; SERDES Transmitters                                         ; 0 / 68                ; 0 %   ;
; SERDES Receivers                                            ; 0 / 68                ; 0 %   ;
; JTAGs                                                       ; 1 / 1                 ; 100 % ;
; ASMI blocks                                                 ; 0 / 1                 ; 0 %   ;
; CRC blocks                                                  ; 0 / 1                 ; 0 %   ;
; Remote update blocks                                        ; 0 / 1                 ; 0 %   ;
; Oscillator blocks                                           ; 0 / 1                 ; 0 %   ;
; Impedance control blocks                                    ; 0 / 3                 ; 0 %   ;
; Average interconnect usage (total/H/V)                      ; 4.8% / 5.0% / 4.3%    ;       ;
; Peak interconnect usage (total/H/V)                         ; 15.9% / 17.5% / 12.6% ;       ;
; Maximum fan-out                                             ; 6238                  ;       ;
; Highest non-global fan-out                                  ; 3814                  ;       ;
; Total fan-out                                               ; 43353                 ;       ;
; Average fan-out                                             ; 3.44                  ;       ;
+-------------------------------------------------------------+-----------------------+-------+


